.....FFFFF....................................FF.                        [100%]
================================== FAILURES ===================================
_____________ TestUnsupportedFeatureError.test_feature_in_message _____________
tests\unit\test_infrastructure.py:73: in test_feature_in_message
    err = UnsupportedFeatureError("match/case", line=7)
          ^^^^^^^^^^^^^^^^^^^^^^^^^^^^^^^^^^^^^^^^^^^^^
transpiler\errors.py:94: in __init__
    super().__init__(
transpiler\errors.py:49: in __init__
    super().__init__(str(self))
                     ^^^^^^^^^
transpiler\errors.py:105: in __str__
    base = f"[UnsupportedFeatureError] {location}: '{self.feature}' is not supported."
                                                     ^^^^^^^^^^^^
E   AttributeError: 'UnsupportedFeatureError' object has no attribute 'feature'
_______ TestUnsupportedFeatureError.test_default_hint_for_known_feature _______
tests\unit\test_infrastructure.py:79: in test_default_hint_for_known_feature
    err = UnsupportedFeatureError("match/case")
          ^^^^^^^^^^^^^^^^^^^^^^^^^^^^^^^^^^^^^
transpiler\errors.py:94: in __init__
    super().__init__(
transpiler\errors.py:49: in __init__
    super().__init__(str(self))
                     ^^^^^^^^^
transpiler\errors.py:105: in __str__
    base = f"[UnsupportedFeatureError] {location}: '{self.feature}' is not supported."
                                                     ^^^^^^^^^^^^
E   AttributeError: 'UnsupportedFeatureError' object has no attribute 'feature'
_______ TestUnsupportedFeatureError.test_custom_hint_overrides_default ________
tests\unit\test_infrastructure.py:83: in test_custom_hint_overrides_default
    err = UnsupportedFeatureError("match/case", hint="Custom hint here.")
          ^^^^^^^^^^^^^^^^^^^^^^^^^^^^^^^^^^^^^^^^^^^^^^^^^^^^^^^^^^^^^^^
transpiler\errors.py:94: in __init__
    super().__init__(
transpiler\errors.py:49: in __init__
    super().__init__(str(self))
                     ^^^^^^^^^
transpiler\errors.py:105: in __str__
    base = f"[UnsupportedFeatureError] {location}: '{self.feature}' is not supported."
                                                     ^^^^^^^^^^^^
E   AttributeError: 'UnsupportedFeatureError' object has no attribute 'feature'
__________ TestUnsupportedFeatureError.test_unknown_feature_no_hint ___________
tests\unit\test_infrastructure.py:87: in test_unknown_feature_no_hint
    err = UnsupportedFeatureError("time_travel")
          ^^^^^^^^^^^^^^^^^^^^^^^^^^^^^^^^^^^^^^
transpiler\errors.py:94: in __init__
    super().__init__(
transpiler\errors.py:49: in __init__
    super().__init__(str(self))
                     ^^^^^^^^^
transpiler\errors.py:105: in __str__
    base = f"[UnsupportedFeatureError] {location}: '{self.feature}' is not supported."
                                                     ^^^^^^^^^^^^
E   AttributeError: 'UnsupportedFeatureError' object has no attribute 'feature'
_____________ TestUnsupportedFeatureError.test_is_transpile_error _____________
tests\unit\test_infrastructure.py:91: in test_is_transpile_error
    err = UnsupportedFeatureError("yield")
          ^^^^^^^^^^^^^^^^^^^^^^^^^^^^^^^^
transpiler\errors.py:94: in __init__
    super().__init__(
transpiler\errors.py:49: in __init__
    super().__init__(str(self))
                     ^^^^^^^^^
transpiler\errors.py:105: in __str__
    base = f"[UnsupportedFeatureError] {location}: '{self.feature}' is not supported."
                                                     ^^^^^^^^^^^^
E   AttributeError: 'UnsupportedFeatureError' object has no attribute 'feature'
_________ TestNodeRegistry.test_missing_statement_raises_unsupported __________
tests\unit\test_infrastructure.py:297: in test_missing_statement_raises_unsupported
    get_statement_handler(ast.Global(names=[]))
transpiler\node_registry.py:106: in get_statement_handler
    raise UnsupportedFeatureError(
transpiler\errors.py:94: in __init__
    super().__init__(
transpiler\errors.py:49: in __init__
    super().__init__(str(self))
                     ^^^^^^^^^
transpiler\errors.py:105: in __str__
    base = f"[UnsupportedFeatureError] {location}: '{self.feature}' is not supported."
                                                     ^^^^^^^^^^^^
E   AttributeError: 'UnsupportedFeatureError' object has no attribute 'feature'
_________ TestNodeRegistry.test_missing_expression_raises_unsupported _________
tests\unit\test_infrastructure.py:302: in test_missing_expression_raises_unsupported
    get_expression_handler(ast.Await(value=ast.Constant(value=None)))
transpiler\node_registry.py:123: in get_expression_handler
    raise UnsupportedFeatureError(
transpiler\errors.py:94: in __init__
    super().__init__(
transpiler\errors.py:49: in __init__
    super().__init__(str(self))
                     ^^^^^^^^^
transpiler\errors.py:105: in __str__
    base = f"[UnsupportedFeatureError] {location}: '{self.feature}' is not supported."
                                                     ^^^^^^^^^^^^
E   AttributeError: 'UnsupportedFeatureError' object has no attribute 'feature'
============================== warnings summary ===============================
tests/unit/test_infrastructure.py::TestNodeRegistry::test_register_and_retrieve_expression
  C:\Users\astro\OneDrive\Desktop\New folder (2)\RPy\tests\unit\test_infrastructure.py:291: DeprecationWarning: Starred.__init__ missing 1 required positional argument: 'value'. This will become an error in Python 3.15.
    handler = get_expression_handler(ast.Starred())

tests/unit/test_infrastructure.py::TestNodeRegistry::test_register_and_retrieve_expression
  C:\Users\astro\OneDrive\Desktop\New folder (2)\RPy\tests\unit\test_infrastructure.py:292: DeprecationWarning: Starred.__init__ missing 1 required positional argument: 'value'. This will become an error in Python 3.15.
    assert handler(ast.Starred(), None) == "..."  # type: ignore[arg-type]

-- Docs: https://docs.pytest.org/en/stable/how-to/capture-warnings.html
=========================== short test summary info ===========================
FAILED tests/unit/test_infrastructure.py::TestUnsupportedFeatureError::test_feature_in_message
FAILED tests/unit/test_infrastructure.py::TestUnsupportedFeatureError::test_default_hint_for_known_feature
FAILED tests/unit/test_infrastructure.py::TestUnsupportedFeatureError::test_custom_hint_overrides_default
FAILED tests/unit/test_infrastructure.py::TestUnsupportedFeatureError::test_unknown_feature_no_hint
FAILED tests/unit/test_infrastructure.py::TestUnsupportedFeatureError::test_is_transpile_error
FAILED tests/unit/test_infrastructure.py::TestNodeRegistry::test_missing_statement_raises_unsupported
FAILED tests/unit/test_infrastructure.py::TestNodeRegistry::test_missing_expression_raises_unsupported
7 failed, 42 passed, 2 warnings in 0.39s
